<?xml version="1.0" encoding="UTF-8"?>
<testsuites name="jest tests" tests="13" failures="0" time="4.389">
  <testsuite name="undefined" errors="0" failures="0" skipped="0" timestamp="2021-03-02T21:44:31" time="1.21" tests="1">
    <testcase classname=" renders logo" name=" renders logo" time="0.025">
    </testcase>
  </testsuite>
  <testsuite name="undefined" errors="0" failures="0" skipped="0" timestamp="2021-03-02T21:44:31" time="1.605" tests="1">
    <testcase classname=" get suites" name=" get suites" time="0.175">
    </testcase>
  </testsuite>
  <testsuite name="undefined" errors="0" failures="0" skipped="0" timestamp="2021-03-02T21:44:32" time="0.5" tests="1">
    <testcase classname=" complete multi suites" name=" complete multi suites" time="0.03">
    </testcase>
  </testsuite>
  <testsuite name="undefined" errors="0" failures="0" skipped="0" timestamp="2021-03-02T21:44:31" time="1.605" tests="2">
    <testcase classname=" renders hero" name=" renders hero" time="0.045">
    </testcase>
    <testcase classname=" renders hero with title and brand" name=" renders hero with title and brand" time="0.004">
    </testcase>
  </testsuite>
  <testsuite name="undefined" errors="0" failures="0" skipped="0" timestamp="2021-03-02T21:44:32" time="0.37" tests="1">
    <testcase classname=" renders suite" name=" renders suite" time="0.038">
    </testcase>
  </testsuite>
  <testsuite name="undefined" errors="0" failures="0" skipped="0" timestamp="2021-03-02T21:44:33" time="0.371" tests="1">
    <testcase classname=" renders properties options" name=" renders properties options" time="0.01">
    </testcase>
  </testsuite>
  <testsuite name="undefined" errors="0" failures="0" skipped="0" timestamp="2021-03-02T21:44:33" time="0.388" tests="1">
    <testcase classname=" get files" name=" get files" time="0.025">
    </testcase>
  </testsuite>
  <testsuite name="undefined" errors="0" failures="0" skipped="0" timestamp="2021-03-02T21:44:33" time="0.341" tests="1">
    <testcase classname=" renders files" name=" renders files" time="0.006">
    </testcase>
  </testsuite>
  <testsuite name="undefined" errors="0" failures="0" skipped="0" timestamp="2021-03-02T21:44:33" time="0.388" tests="1">
    <testcase classname=" renders test options" name=" renders test options" time="0.009">
    </testcase>
  </testsuite>
  <testsuite name="undefined" errors="0" failures="0" skipped="0" timestamp="2021-03-02T21:44:33" time="0.36" tests="1">
    <testcase classname=" renders toggle" name=" renders toggle" time="0.006">
    </testcase>
  </testsuite>
  <testsuite name="undefined" errors="0" failures="0" skipped="0" timestamp="2021-03-02T21:44:33" time="0.297" tests="1">
    <testcase classname=" get description" name=" get description" time="0.008">
    </testcase>
  </testsuite>
  <testsuite name="undefined" errors="0" failures="0" skipped="0" timestamp="2021-03-02T21:44:33" time="0.281" tests="1">
    <testcase classname=" renders suite options" name=" renders suite options" time="0.004">
    </testcase>
  </testsuite>
</testsuites>